The system is: Linux - sh: 0: getcwd() failed: No such file or directory
5.4.0-150-generic - sh: 0: getcwd() failed: No such file or directory
x86_64
Determining if the CXX compiler works passed with the following output:
Change Dir: /home/yxy/esdk/build/CMakeFiles/CMakeTmp

Run Build Command:"/usr/bin/make" "cmTC_3199f/fast"
/usr/bin/make -f CMakeFiles/cmTC_3199f.dir/build.make CMakeFiles/cmTC_3199f.dir/build
make[1]: 进入目录“/home/yxy/esdk/build/CMakeFiles/CMakeTmp”
Building CXX object CMakeFiles/cmTC_3199f.dir/testCXXCompiler.cxx.o
/usr/bin/c++     -o CMakeFiles/cmTC_3199f.dir/testCXXCompiler.cxx.o -c /home/yxy/esdk/build/CMakeFiles/CMakeTmp/testCXXCompiler.cxx
Linking CXX executable cmTC_3199f
/usr/bin/cmake -E cmake_link_script CMakeFiles/cmTC_3199f.dir/link.txt --verbose=1
/usr/bin/c++       CMakeFiles/cmTC_3199f.dir/testCXXCompiler.cxx.o  -o cmTC_3199f 
make[1]: 离开目录“/home/yxy/esdk/build/CMakeFiles/CMakeTmp”


Detecting CXX compiler ABI info compiled with the following output:
Change Dir: /home/yxy/esdk/build/CMakeFiles/CMakeTmp

Run Build Command:"/usr/bin/make" "cmTC_7cbf4/fast"
/usr/bin/make -f CMakeFiles/cmTC_7cbf4.dir/build.make CMakeFiles/cmTC_7cbf4.dir/build
make[1]: 进入目录“/home/yxy/esdk/build/CMakeFiles/CMakeTmp”
Building CXX object CMakeFiles/cmTC_7cbf4.dir/CMakeCXXCompilerABI.cpp.o
/usr/bin/c++     -o CMakeFiles/cmTC_7cbf4.dir/CMakeCXXCompilerABI.cpp.o -c /usr/share/cmake-3.10/Modules/CMakeCXXCompilerABI.cpp
Linking CXX executable cmTC_7cbf4
/usr/bin/cmake -E cmake_link_script CMakeFiles/cmTC_7cbf4.dir/link.txt --verbose=1
/usr/bin/c++       CMakeFiles/cmTC_7cbf4.dir/CMakeCXXCompilerABI.cpp.o  -o cmTC_7cbf4 
make[1]: 离开目录“/home/yxy/esdk/build/CMakeFiles/CMakeTmp”


